/                              => HTTP 200 OK
/jobs                          => HTTP 200 OK
/companies                     => HTTP 200 OK
/categories                    => HTTP 200 OK
/login                         => HTTP 200 OK
/register                      => HTTP 200 OK
/forgot-password               => HTTP 200 OK
/jobs/search                   => HTTP 200 OK
